---
http_interactions:
- request:
    method: post
    uri: https://api.steemit.com/
    body:
      encoding: UTF-8
      string: '{"jsonrpc":"2.0","id":119,"method":"jsonrpc.get_signature","params":{"method":"market_history_api.get_market_history_buckets"}}'
    headers:
      Content-Type:
      - application/json; charset=utf-8
      User-Agent:
      - steem-ruby/0.9.4
      Accept-Encoding:
      - gzip;q=1.0,deflate;q=0.6,identity;q=0.3
      Accept:
      - "*/*"
      Host:
      - api.steemit.com
      Content-Length:
      - '79'
  response:
    status:
      code: 200
      message: OK
    headers:
      Date:
      - Sat, 17 Oct 2020 04:08:14 GMT
      Content-Type:
      - application/json
      Content-Length:
      - '73'
      Connection:
      - keep-alive
      Server:
      - nginx
      X-Jussi-Request-Id:
      - '000676534203551604'
      X-Amzn-Trace-Id:
      - Root=1-5f8a6e2e-6fdd675b35c9d00f0fb46ca9
      Access-Control-Allow-Origin:
      - "*"
      Access-Control-Allow-Methods:
      - GET, POST, OPTIONS
      Access-Control-Allow-Headers:
      - DNT,Keep-Alive,User-Agent,X-Requested-With,If-Modified-Since,Cache-Control,Content-Type,Content-Range,Range
      Strict-Transport-Security:
      - max-age=31557600; includeSubDomains; preload
      Content-Security-Policy:
      - upgrade-insecure-requests
    body:
      encoding: UTF-8
      string: '{"jsonrpc":"2.0","result":{"args":{},"ret":{"bucket_sizes":[]}},"id":119}'
  recorded_at: Sat, 17 Oct 2020 04:08:14 GMT
- request:
    method: post
    uri: https://api.steemit.com/
    body:
      encoding: UTF-8
      string: '{"jsonrpc":"2.0","id":120,"method":"market_history_api.get_market_history_buckets","params":{}}'
    headers:
      Content-Type:
      - application/json; charset=utf-8
      User-Agent:
      - steem-ruby/0.9.4
      Accept-Encoding:
      - gzip;q=1.0,deflate;q=0.6,identity;q=0.3
      Accept:
      - "*/*"
      Host:
      - api.steemit.com
      Content-Length:
      - '127'
  response:
    status:
      code: 200
      message: OK
    headers:
      Date:
      - Sat, 17 Oct 2020 04:08:14 GMT
      Content-Type:
      - application/json
      Content-Length:
      - '75'
      Connection:
      - keep-alive
      Server:
      - nginx
      X-Jussi-Request-Id:
      - '000663409934870183'
      X-Amzn-Trace-Id:
      - Root=1-5f8a6e2e-2558f8314eed24ba2e0a4e27
      Access-Control-Allow-Origin:
      - "*"
      Access-Control-Allow-Methods:
      - GET, POST, OPTIONS
      Access-Control-Allow-Headers:
      - DNT,Keep-Alive,User-Agent,X-Requested-With,If-Modified-Since,Cache-Control,Content-Type,Content-Range,Range
      Strict-Transport-Security:
      - max-age=31557600; includeSubDomains; preload
      Content-Security-Policy:
      - upgrade-insecure-requests
    body:
      encoding: UTF-8
      string: '{"jsonrpc":"2.0","result":{"bucket_sizes":[15,60,300,3600,86400]},"id":120}'
  recorded_at: Sat, 17 Oct 2020 04:08:15 GMT
- request:
    method: post
    uri: https://api.steemit.com/
    body:
      encoding: UTF-8
      string: '{"jsonrpc":"2.0","id":84,"method":"jsonrpc.get_signature","params":{"method":"market_history_api.get_market_history_buckets"}}'
    headers:
      Content-Type:
      - application/json; charset=utf-8
      User-Agent:
      - steem-ruby/0.9.4
      Accept-Encoding:
      - gzip;q=1.0,deflate;q=0.6,identity;q=0.3
      Accept:
      - "*/*"
      Host:
      - api.steemit.com
      Content-Length:
      - '92'
  response:
    status:
      code: 200
      message: OK
    headers:
      Date:
      - Sat, 17 Oct 2020 04:09:15 GMT
      Content-Type:
      - application/json
      Content-Length:
      - '72'
      Connection:
      - keep-alive
      Server:
      - nginx
      X-Jussi-Request-Id:
      - '001020343412401555'
      X-Amzn-Trace-Id:
      - Root=1-5f8a6e6b-2a23abaa6c79a887124e6f30
      Access-Control-Allow-Origin:
      - "*"
      Access-Control-Allow-Methods:
      - GET, POST, OPTIONS
      Access-Control-Allow-Headers:
      - DNT,Keep-Alive,User-Agent,X-Requested-With,If-Modified-Since,Cache-Control,Content-Type,Content-Range,Range
      Strict-Transport-Security:
      - max-age=31557600; includeSubDomains; preload
      Content-Security-Policy:
      - upgrade-insecure-requests
    body:
      encoding: UTF-8
      string: '{"jsonrpc":"2.0","result":{"args":{},"ret":{"bucket_sizes":[]}},"id":84}'
  recorded_at: Sat, 17 Oct 2020 04:09:15 GMT
- request:
    method: post
    uri: https://api.steemit.com/
    body:
      encoding: UTF-8
      string: '{"jsonrpc":"2.0","id":85,"method":"market_history_api.get_market_history_buckets","params":{}}'
    headers:
      Content-Type:
      - application/json; charset=utf-8
      User-Agent:
      - steem-ruby/0.9.4
      Accept-Encoding:
      - gzip;q=1.0,deflate;q=0.6,identity;q=0.3
      Accept:
      - "*/*"
      Host:
      - api.steemit.com
      Content-Length:
      - '126'
  response:
    status:
      code: 200
      message: OK
    headers:
      Date:
      - Sat, 17 Oct 2020 04:09:15 GMT
      Content-Type:
      - application/json
      Content-Length:
      - '74'
      Connection:
      - keep-alive
      Server:
      - nginx
      X-Jussi-Request-Id:
      - '000566630885274683'
      X-Amzn-Trace-Id:
      - Root=1-5f8a6e6b-6d83e9df350d85985981685e
      Access-Control-Allow-Origin:
      - "*"
      Access-Control-Allow-Methods:
      - GET, POST, OPTIONS
      Access-Control-Allow-Headers:
      - DNT,Keep-Alive,User-Agent,X-Requested-With,If-Modified-Since,Cache-Control,Content-Type,Content-Range,Range
      Strict-Transport-Security:
      - max-age=31557600; includeSubDomains; preload
      Content-Security-Policy:
      - upgrade-insecure-requests
    body:
      encoding: UTF-8
      string: '{"jsonrpc":"2.0","result":{"bucket_sizes":[15,60,300,3600,86400]},"id":85}'
  recorded_at: Sat, 17 Oct 2020 04:09:15 GMT
- request:
    method: post
    uri: https://api.steemit.com/
    body:
      encoding: UTF-8
      string: '{"jsonrpc":"2.0","id":17,"method":"jsonrpc.get_signature","params":{"method":"market_history_api.get_market_history_buckets"}}'
    headers:
      Content-Type:
      - application/json; charset=utf-8
      User-Agent:
      - steem-ruby/0.9.4
      Accept-Encoding:
      - gzip;q=1.0,deflate;q=0.6,identity;q=0.3
      Accept:
      - "*/*"
      Host:
      - api.steemit.com
      Content-Length:
      - '86'
  response:
    status:
      code: 200
      message: OK
    headers:
      Date:
      - Sat, 17 Oct 2020 04:13:19 GMT
      Content-Type:
      - application/json
      Content-Length:
      - '72'
      Connection:
      - keep-alive
      Server:
      - nginx
      X-Jussi-Request-Id:
      - '000840164496058055'
      X-Amzn-Trace-Id:
      - Root=1-5f8a6f5f-4c1d045659f50de120aa8696
      Access-Control-Allow-Origin:
      - "*"
      Access-Control-Allow-Methods:
      - GET, POST, OPTIONS
      Access-Control-Allow-Headers:
      - DNT,Keep-Alive,User-Agent,X-Requested-With,If-Modified-Since,Cache-Control,Content-Type,Content-Range,Range
      Strict-Transport-Security:
      - max-age=31557600; includeSubDomains; preload
      Content-Security-Policy:
      - upgrade-insecure-requests
    body:
      encoding: UTF-8
      string: '{"jsonrpc":"2.0","result":{"args":{},"ret":{"bucket_sizes":[]}},"id":17}'
  recorded_at: Sat, 17 Oct 2020 04:13:19 GMT
- request:
    method: post
    uri: https://api.steemit.com/
    body:
      encoding: UTF-8
      string: '{"jsonrpc":"2.0","id":18,"method":"market_history_api.get_market_history_buckets","params":{}}'
    headers:
      Content-Type:
      - application/json; charset=utf-8
      User-Agent:
      - steem-ruby/0.9.4
      Accept-Encoding:
      - gzip;q=1.0,deflate;q=0.6,identity;q=0.3
      Accept:
      - "*/*"
      Host:
      - api.steemit.com
      Content-Length:
      - '126'
  response:
    status:
      code: 200
      message: OK
    headers:
      Date:
      - Sat, 17 Oct 2020 04:13:20 GMT
      Content-Type:
      - application/json
      Content-Length:
      - '74'
      Connection:
      - keep-alive
      Server:
      - nginx
      X-Jussi-Request-Id:
      - '000474670974003392'
      X-Amzn-Trace-Id:
      - Root=1-5f8a6f60-0e513e6b1942c9db2ee7b8cb
      Access-Control-Allow-Origin:
      - "*"
      Access-Control-Allow-Methods:
      - GET, POST, OPTIONS
      Access-Control-Allow-Headers:
      - DNT,Keep-Alive,User-Agent,X-Requested-With,If-Modified-Since,Cache-Control,Content-Type,Content-Range,Range
      Strict-Transport-Security:
      - max-age=31557600; includeSubDomains; preload
      Content-Security-Policy:
      - upgrade-insecure-requests
    body:
      encoding: UTF-8
      string: '{"jsonrpc":"2.0","result":{"bucket_sizes":[15,60,300,3600,86400]},"id":18}'
  recorded_at: Sat, 17 Oct 2020 04:13:20 GMT
- request:
    method: post
    uri: https://api.steemit.com/
    body:
      encoding: UTF-8
      string: '{"jsonrpc":"2.0","id":58,"method":"jsonrpc.get_signature","params":{"method":"market_history_api.get_market_history_buckets"}}'
    headers:
      Content-Type:
      - application/json; charset=utf-8
      User-Agent:
      - steem-ruby/0.9.4
      Accept-Encoding:
      - gzip;q=1.0,deflate;q=0.6,identity;q=0.3
      Accept:
      - "*/*"
      Host:
      - api.steemit.com
      Content-Length:
      - '92'
  response:
    status:
      code: 200
      message: OK
    headers:
      Date:
      - Sat, 17 Oct 2020 04:14:22 GMT
      Content-Type:
      - application/json
      Content-Length:
      - '72'
      Connection:
      - keep-alive
      Server:
      - nginx
      X-Jussi-Request-Id:
      - '000192525333049485'
      X-Amzn-Trace-Id:
      - Root=1-5f8a6f9e-66be660a0c714a9866518dad
      Access-Control-Allow-Origin:
      - "*"
      Access-Control-Allow-Methods:
      - GET, POST, OPTIONS
      Access-Control-Allow-Headers:
      - DNT,Keep-Alive,User-Agent,X-Requested-With,If-Modified-Since,Cache-Control,Content-Type,Content-Range,Range
      Strict-Transport-Security:
      - max-age=31557600; includeSubDomains; preload
      Content-Security-Policy:
      - upgrade-insecure-requests
    body:
      encoding: UTF-8
      string: '{"jsonrpc":"2.0","result":{"args":{},"ret":{"bucket_sizes":[]}},"id":58}'
  recorded_at: Sat, 17 Oct 2020 04:14:22 GMT
- request:
    method: post
    uri: https://api.steemit.com/
    body:
      encoding: UTF-8
      string: '{"jsonrpc":"2.0","id":59,"method":"market_history_api.get_market_history_buckets","params":{}}'
    headers:
      Content-Type:
      - application/json; charset=utf-8
      User-Agent:
      - steem-ruby/0.9.4
      Accept-Encoding:
      - gzip;q=1.0,deflate;q=0.6,identity;q=0.3
      Accept:
      - "*/*"
      Host:
      - api.steemit.com
      Content-Length:
      - '126'
  response:
    status:
      code: 200
      message: OK
    headers:
      Date:
      - Sat, 17 Oct 2020 04:14:22 GMT
      Content-Type:
      - application/json
      Content-Length:
      - '74'
      Connection:
      - keep-alive
      Server:
      - nginx
      X-Jussi-Request-Id:
      - '000929527510701125'
      X-Amzn-Trace-Id:
      - Root=1-5f8a6f9e-2f8eb6702fe2308c717af5a2
      Access-Control-Allow-Origin:
      - "*"
      Access-Control-Allow-Methods:
      - GET, POST, OPTIONS
      Access-Control-Allow-Headers:
      - DNT,Keep-Alive,User-Agent,X-Requested-With,If-Modified-Since,Cache-Control,Content-Type,Content-Range,Range
      Strict-Transport-Security:
      - max-age=31557600; includeSubDomains; preload
      Content-Security-Policy:
      - upgrade-insecure-requests
    body:
      encoding: UTF-8
      string: '{"jsonrpc":"2.0","result":{"bucket_sizes":[15,60,300,3600,86400]},"id":59}'
  recorded_at: Sat, 17 Oct 2020 04:14:22 GMT
- request:
    method: post
    uri: https://api.steemitdev.com/
    body:
      encoding: UTF-8
      string: '{"jsonrpc":"2.0","id":67,"method":"jsonrpc.get_signature","params":{"method":"market_history_api.get_market_history_buckets"}}'
    headers:
      Content-Type:
      - application/json; charset=utf-8
      User-Agent:
      - steem-ruby/0.9.4
      Accept-Encoding:
      - gzip;q=1.0,deflate;q=0.6,identity;q=0.3
      Accept:
      - "*/*"
      Host:
      - api.steemitdev.com
      Content-Length:
      - '78'
  response:
    status:
      code: 200
      message: OK
    headers:
      Date:
      - Sat, 17 Oct 2020 04:22:43 GMT
      Content-Type:
      - application/json
      Content-Length:
      - '72'
      Connection:
      - keep-alive
      Server:
      - nginx
      X-Jussi-Request-Id:
      - '000106713531508434'
      X-Amzn-Trace-Id:
      - Root=1-5f8a7193-010106a82d5665f43310e4ea
      Access-Control-Allow-Origin:
      - "*"
      Access-Control-Allow-Methods:
      - GET, POST, OPTIONS
      Access-Control-Allow-Headers:
      - DNT,Keep-Alive,User-Agent,X-Requested-With,If-Modified-Since,Cache-Control,Content-Type,Content-Range,Range
      Strict-Transport-Security:
      - max-age=31557600; includeSubDomains; preload
      Content-Security-Policy:
      - upgrade-insecure-requests
    body:
      encoding: UTF-8
      string: '{"jsonrpc":"2.0","result":{"args":{},"ret":{"bucket_sizes":[]}},"id":67}'
  recorded_at: Sat, 17 Oct 2020 04:22:44 GMT
- request:
    method: post
    uri: https://api.steemitdev.com/
    body:
      encoding: UTF-8
      string: '{"jsonrpc":"2.0","id":68,"method":"market_history_api.get_market_history_buckets","params":{}}'
    headers:
      Content-Type:
      - application/json; charset=utf-8
      User-Agent:
      - steem-ruby/0.9.4
      Accept-Encoding:
      - gzip;q=1.0,deflate;q=0.6,identity;q=0.3
      Accept:
      - "*/*"
      Host:
      - api.steemitdev.com
      Content-Length:
      - '126'
  response:
    status:
      code: 200
      message: OK
    headers:
      Date:
      - Sat, 17 Oct 2020 04:22:44 GMT
      Content-Type:
      - application/json
      Content-Length:
      - '74'
      Connection:
      - keep-alive
      Server:
      - nginx
      X-Jussi-Request-Id:
      - '000666393597109007'
      X-Amzn-Trace-Id:
      - Root=1-5f8a7194-52fa14e466c6e12d1faee98b
      Access-Control-Allow-Origin:
      - "*"
      Access-Control-Allow-Methods:
      - GET, POST, OPTIONS
      Access-Control-Allow-Headers:
      - DNT,Keep-Alive,User-Agent,X-Requested-With,If-Modified-Since,Cache-Control,Content-Type,Content-Range,Range
      Strict-Transport-Security:
      - max-age=31557600; includeSubDomains; preload
      Content-Security-Policy:
      - upgrade-insecure-requests
    body:
      encoding: UTF-8
      string: '{"jsonrpc":"2.0","result":{"bucket_sizes":[15,60,300,3600,86400]},"id":68}'
  recorded_at: Sat, 17 Oct 2020 04:22:44 GMT
- request:
    method: post
    uri: https://api.steemitdev.com/
    body:
      encoding: UTF-8
      string: '{"jsonrpc":"2.0","id":22,"method":"jsonrpc.get_signature","params":{"method":"market_history_api.get_market_history_buckets"}}'
    headers:
      Content-Type:
      - application/json; charset=utf-8
      User-Agent:
      - steem-ruby/0.9.4
      Accept-Encoding:
      - gzip;q=1.0,deflate;q=0.6,identity;q=0.3
      Accept:
      - "*/*"
      Host:
      - api.steemitdev.com
      Content-Length:
      - '95'
  response:
    status:
      code: 200
      message: OK
    headers:
      Date:
      - Sat, 17 Oct 2020 04:26:49 GMT
      Content-Type:
      - application/json
      Content-Length:
      - '72'
      Connection:
      - keep-alive
      Server:
      - nginx
      X-Jussi-Request-Id:
      - '000070414198451270'
      X-Amzn-Trace-Id:
      - Root=1-5f8a7289-4cbeb03a74873bff08b40978
      Access-Control-Allow-Origin:
      - "*"
      Access-Control-Allow-Methods:
      - GET, POST, OPTIONS
      Access-Control-Allow-Headers:
      - DNT,Keep-Alive,User-Agent,X-Requested-With,If-Modified-Since,Cache-Control,Content-Type,Content-Range,Range
      Strict-Transport-Security:
      - max-age=31557600; includeSubDomains; preload
      Content-Security-Policy:
      - upgrade-insecure-requests
    body:
      encoding: UTF-8
      string: '{"jsonrpc":"2.0","result":{"args":{},"ret":{"bucket_sizes":[]}},"id":22}'
  recorded_at: Sat, 17 Oct 2020 04:26:49 GMT
- request:
    method: post
    uri: https://api.steemitdev.com/
    body:
      encoding: UTF-8
      string: '{"jsonrpc":"2.0","id":23,"method":"market_history_api.get_market_history_buckets","params":{}}'
    headers:
      Content-Type:
      - application/json; charset=utf-8
      User-Agent:
      - steem-ruby/0.9.4
      Accept-Encoding:
      - gzip;q=1.0,deflate;q=0.6,identity;q=0.3
      Accept:
      - "*/*"
      Host:
      - api.steemitdev.com
      Content-Length:
      - '126'
  response:
    status:
      code: 200
      message: OK
    headers:
      Date:
      - Sat, 17 Oct 2020 04:26:49 GMT
      Content-Type:
      - application/json
      Content-Length:
      - '74'
      Connection:
      - keep-alive
      Server:
      - nginx
      X-Jussi-Request-Id:
      - '000646931780141404'
      X-Amzn-Trace-Id:
      - Root=1-5f8a7289-3f68f93070c6327a7c5c2bc5
      Access-Control-Allow-Origin:
      - "*"
      Access-Control-Allow-Methods:
      - GET, POST, OPTIONS
      Access-Control-Allow-Headers:
      - DNT,Keep-Alive,User-Agent,X-Requested-With,If-Modified-Since,Cache-Control,Content-Type,Content-Range,Range
      Strict-Transport-Security:
      - max-age=31557600; includeSubDomains; preload
      Content-Security-Policy:
      - upgrade-insecure-requests
    body:
      encoding: UTF-8
      string: '{"jsonrpc":"2.0","result":{"bucket_sizes":[15,60,300,3600,86400]},"id":23}'
  recorded_at: Sat, 17 Oct 2020 04:26:49 GMT
- request:
    method: post
    uri: https://api.steemitdev.com/
    body:
      encoding: UTF-8
      string: '{"jsonrpc":"2.0","id":62,"method":"jsonrpc.get_signature","params":{"method":"market_history_api.get_market_history_buckets"}}'
    headers:
      Content-Type:
      - application/json; charset=utf-8
      User-Agent:
      - steem-ruby/0.9.4
      Accept-Encoding:
      - gzip;q=1.0,deflate;q=0.6,identity;q=0.3
      Accept:
      - "*/*"
      Host:
      - api.steemitdev.com
      Content-Length:
      - '92'
  response:
    status:
      code: 200
      message: OK
    headers:
      Date:
      - Sat, 17 Oct 2020 04:34:27 GMT
      Content-Type:
      - application/json
      Content-Length:
      - '72'
      Connection:
      - keep-alive
      Server:
      - nginx
      X-Jussi-Request-Id:
      - '000593352661846213'
      X-Amzn-Trace-Id:
      - Root=1-5f8a7453-2642fd4b55f0f4ee318ca814
      Access-Control-Allow-Origin:
      - "*"
      Access-Control-Allow-Methods:
      - GET, POST, OPTIONS
      Access-Control-Allow-Headers:
      - DNT,Keep-Alive,User-Agent,X-Requested-With,If-Modified-Since,Cache-Control,Content-Type,Content-Range,Range
      Strict-Transport-Security:
      - max-age=31557600; includeSubDomains; preload
      Content-Security-Policy:
      - upgrade-insecure-requests
    body:
      encoding: UTF-8
      string: '{"jsonrpc":"2.0","result":{"args":{},"ret":{"bucket_sizes":[]}},"id":62}'
  recorded_at: Sat, 17 Oct 2020 04:34:27 GMT
- request:
    method: post
    uri: https://api.steemitdev.com/
    body:
      encoding: UTF-8
      string: '{"jsonrpc":"2.0","id":63,"method":"market_history_api.get_market_history_buckets","params":{}}'
    headers:
      Content-Type:
      - application/json; charset=utf-8
      User-Agent:
      - steem-ruby/0.9.4
      Accept-Encoding:
      - gzip;q=1.0,deflate;q=0.6,identity;q=0.3
      Accept:
      - "*/*"
      Host:
      - api.steemitdev.com
      Content-Length:
      - '126'
  response:
    status:
      code: 200
      message: OK
    headers:
      Date:
      - Sat, 17 Oct 2020 04:34:28 GMT
      Content-Type:
      - application/json
      Content-Length:
      - '74'
      Connection:
      - keep-alive
      Server:
      - nginx
      X-Jussi-Request-Id:
      - '000031032034152066'
      X-Amzn-Trace-Id:
      - Root=1-5f8a7454-556ee7c97d0356236fe47956
      Access-Control-Allow-Origin:
      - "*"
      Access-Control-Allow-Methods:
      - GET, POST, OPTIONS
      Access-Control-Allow-Headers:
      - DNT,Keep-Alive,User-Agent,X-Requested-With,If-Modified-Since,Cache-Control,Content-Type,Content-Range,Range
      Strict-Transport-Security:
      - max-age=31557600; includeSubDomains; preload
      Content-Security-Policy:
      - upgrade-insecure-requests
    body:
      encoding: UTF-8
      string: '{"jsonrpc":"2.0","result":{"bucket_sizes":[15,60,300,3600,86400]},"id":63}'
  recorded_at: Sat, 17 Oct 2020 04:34:28 GMT
- request:
    method: post
    uri: https://api.steemitdev.com/
    body:
      encoding: UTF-8
      string: '{"jsonrpc":"2.0","id":15,"method":"jsonrpc.get_signature","params":{"method":"market_history_api.get_market_history_buckets"}}'
    headers:
      Content-Type:
      - application/json; charset=utf-8
      User-Agent:
      - steem-ruby/0.9.4
      Accept-Encoding:
      - gzip;q=1.0,deflate;q=0.6,identity;q=0.3
      Accept:
      - "*/*"
      Host:
      - api.steemitdev.com
      Content-Length:
      - '95'
  response:
    status:
      code: 200
      message: OK
    headers:
      Date:
      - Sat, 17 Oct 2020 04:39:16 GMT
      Content-Type:
      - application/json
      Content-Length:
      - '72'
      Connection:
      - keep-alive
      Server:
      - nginx
      X-Jussi-Request-Id:
      - '000473754564343736'
      X-Amzn-Trace-Id:
      - Root=1-5f8a7574-0b1f60762e4dbf601767ea3e
      Access-Control-Allow-Origin:
      - "*"
      Access-Control-Allow-Methods:
      - GET, POST, OPTIONS
      Access-Control-Allow-Headers:
      - DNT,Keep-Alive,User-Agent,X-Requested-With,If-Modified-Since,Cache-Control,Content-Type,Content-Range,Range
      Strict-Transport-Security:
      - max-age=31557600; includeSubDomains; preload
      Content-Security-Policy:
      - upgrade-insecure-requests
    body:
      encoding: UTF-8
      string: '{"jsonrpc":"2.0","result":{"args":{},"ret":{"bucket_sizes":[]}},"id":15}'
  recorded_at: Sat, 17 Oct 2020 04:39:16 GMT
- request:
    method: post
    uri: https://api.steemitdev.com/
    body:
      encoding: UTF-8
      string: '{"jsonrpc":"2.0","id":16,"method":"market_history_api.get_market_history_buckets","params":{}}'
    headers:
      Content-Type:
      - application/json; charset=utf-8
      User-Agent:
      - steem-ruby/0.9.4
      Accept-Encoding:
      - gzip;q=1.0,deflate;q=0.6,identity;q=0.3
      Accept:
      - "*/*"
      Host:
      - api.steemitdev.com
      Content-Length:
      - '126'
  response:
    status:
      code: 200
      message: OK
    headers:
      Date:
      - Sat, 17 Oct 2020 04:39:16 GMT
      Content-Type:
      - application/json
      Content-Length:
      - '74'
      Connection:
      - keep-alive
      Server:
      - nginx
      X-Jussi-Request-Id:
      - '000197418762439528'
      X-Amzn-Trace-Id:
      - Root=1-5f8a7574-3438086e0af248856d668d32
      Access-Control-Allow-Origin:
      - "*"
      Access-Control-Allow-Methods:
      - GET, POST, OPTIONS
      Access-Control-Allow-Headers:
      - DNT,Keep-Alive,User-Agent,X-Requested-With,If-Modified-Since,Cache-Control,Content-Type,Content-Range,Range
      Strict-Transport-Security:
      - max-age=31557600; includeSubDomains; preload
      Content-Security-Policy:
      - upgrade-insecure-requests
    body:
      encoding: UTF-8
      string: '{"jsonrpc":"2.0","result":{"bucket_sizes":[15,60,300,3600,86400]},"id":16}'
  recorded_at: Sat, 17 Oct 2020 04:39:16 GMT
- request:
    method: post
    uri: https://api.steemitdev.com/
    body:
      encoding: UTF-8
      string: '{"jsonrpc":"2.0","id":92,"method":"jsonrpc.get_signature","params":{"method":"market_history_api.get_market_history_buckets"}}'
    headers:
      Content-Type:
      - application/json; charset=utf-8
      User-Agent:
      - steem-ruby/0.9.4
      Accept-Encoding:
      - gzip;q=1.0,deflate;q=0.6,identity;q=0.3
      Accept:
      - "*/*"
      Host:
      - api.steemitdev.com
      Content-Length:
      - '78'
  response:
    status:
      code: 200
      message: OK
    headers:
      Date:
      - Sat, 17 Oct 2020 04:56:45 GMT
      Content-Type:
      - application/json
      Content-Length:
      - '72'
      Connection:
      - keep-alive
      Server:
      - nginx
      X-Jussi-Request-Id:
      - '000076936435434613'
      X-Amzn-Trace-Id:
      - Root=1-5f8a798d-6476f7ee63727bbf207e7d5d
      Access-Control-Allow-Origin:
      - "*"
      Access-Control-Allow-Methods:
      - GET, POST, OPTIONS
      Access-Control-Allow-Headers:
      - DNT,Keep-Alive,User-Agent,X-Requested-With,If-Modified-Since,Cache-Control,Content-Type,Content-Range,Range
      Strict-Transport-Security:
      - max-age=31557600; includeSubDomains; preload
      Content-Security-Policy:
      - upgrade-insecure-requests
    body:
      encoding: UTF-8
      string: '{"jsonrpc":"2.0","result":{"args":{},"ret":{"bucket_sizes":[]}},"id":92}'
  recorded_at: Sat, 17 Oct 2020 04:56:45 GMT
- request:
    method: post
    uri: https://api.steemitdev.com/
    body:
      encoding: UTF-8
      string: '{"jsonrpc":"2.0","id":93,"method":"market_history_api.get_market_history_buckets","params":{}}'
    headers:
      Content-Type:
      - application/json; charset=utf-8
      User-Agent:
      - steem-ruby/0.9.4
      Accept-Encoding:
      - gzip;q=1.0,deflate;q=0.6,identity;q=0.3
      Accept:
      - "*/*"
      Host:
      - api.steemitdev.com
      Content-Length:
      - '126'
  response:
    status:
      code: 200
      message: OK
    headers:
      Date:
      - Sat, 17 Oct 2020 04:56:45 GMT
      Content-Type:
      - application/json
      Content-Length:
      - '74'
      Connection:
      - keep-alive
      Server:
      - nginx
      X-Jussi-Request-Id:
      - '001026894740672612'
      X-Amzn-Trace-Id:
      - Root=1-5f8a798d-64d7efc6353c1e7b52fe194d
      Access-Control-Allow-Origin:
      - "*"
      Access-Control-Allow-Methods:
      - GET, POST, OPTIONS
      Access-Control-Allow-Headers:
      - DNT,Keep-Alive,User-Agent,X-Requested-With,If-Modified-Since,Cache-Control,Content-Type,Content-Range,Range
      Strict-Transport-Security:
      - max-age=31557600; includeSubDomains; preload
      Content-Security-Policy:
      - upgrade-insecure-requests
    body:
      encoding: UTF-8
      string: '{"jsonrpc":"2.0","result":{"bucket_sizes":[15,60,300,3600,86400]},"id":93}'
  recorded_at: Sat, 17 Oct 2020 04:56:45 GMT
- request:
    method: post
    uri: https://api.steemitdev.com/
    body:
      encoding: UTF-8
      string: '{"jsonrpc":"2.0","id":55,"method":"jsonrpc.get_signature","params":{"method":"market_history_api.get_market_history_buckets"}}'
    headers:
      Content-Type:
      - application/json; charset=utf-8
      User-Agent:
      - steem-ruby/0.9.4
      Accept-Encoding:
      - gzip;q=1.0,deflate;q=0.6,identity;q=0.3
      Accept:
      - "*/*"
      Host:
      - api.steemit.com
      Content-Length:
      - '78'
  response:
    status:
      code: 200
      message: OK
    headers:
      Date:
      - Sat, 17 Oct 2020 05:03:22 GMT
      Content-Type:
      - application/json
      Content-Length:
      - '72'
      Connection:
      - keep-alive
      Server:
      - nginx
      X-Jussi-Request-Id:
      - '000317795035394932'
      X-Amzn-Trace-Id:
      - Root=1-5f8a7b1a-483b39271fde794837a1e0af
      Access-Control-Allow-Origin:
      - "*"
      Access-Control-Allow-Methods:
      - GET, POST, OPTIONS
      Access-Control-Allow-Headers:
      - DNT,Keep-Alive,User-Agent,X-Requested-With,If-Modified-Since,Cache-Control,Content-Type,Content-Range,Range
      Strict-Transport-Security:
      - max-age=31557600; includeSubDomains; preload
      Content-Security-Policy:
      - upgrade-insecure-requests
    body:
      encoding: UTF-8
      string: '{"jsonrpc":"2.0","result":{"args":{},"ret":{"bucket_sizes":[]}},"id":55}'
  recorded_at: Sat, 17 Oct 2020 05:03:22 GMT
- request:
    method: post
    uri: https://api.steemitdev.com/
    body:
      encoding: UTF-8
      string: '{"jsonrpc":"2.0","id":56,"method":"market_history_api.get_market_history_buckets","params":{}}'
    headers:
      Content-Type:
      - application/json; charset=utf-8
      User-Agent:
      - steem-ruby/0.9.4
      Accept-Encoding:
      - gzip;q=1.0,deflate;q=0.6,identity;q=0.3
      Accept:
      - "*/*"
      Host:
      - api.steemit.com
      Content-Length:
      - '126'
  response:
    status:
      code: 200
      message: OK
    headers:
      Date:
      - Sat, 17 Oct 2020 05:03:22 GMT
      Content-Type:
      - application/json
      Content-Length:
      - '74'
      Connection:
      - keep-alive
      Server:
      - nginx
      X-Jussi-Request-Id:
      - '000438920329942925'
      X-Amzn-Trace-Id:
      - Root=1-5f8a7b1a-62763bd51ae5b2c6569463f9
      Access-Control-Allow-Origin:
      - "*"
      Access-Control-Allow-Methods:
      - GET, POST, OPTIONS
      Access-Control-Allow-Headers:
      - DNT,Keep-Alive,User-Agent,X-Requested-With,If-Modified-Since,Cache-Control,Content-Type,Content-Range,Range
      Strict-Transport-Security:
      - max-age=31557600; includeSubDomains; preload
      Content-Security-Policy:
      - upgrade-insecure-requests
    body:
      encoding: UTF-8
      string: '{"jsonrpc":"2.0","result":{"bucket_sizes":[15,60,300,3600,86400]},"id":56}'
  recorded_at: Sat, 17 Oct 2020 05:03:22 GMT
recorded_with: VCR 6.0.0
